 
****************************************
check_design summary:
Version:     U-2022.12
Date:        Sat Jun  6 20:21:46 2026
****************************************

                   Name                                            Total
--------------------------------------------------------------------------------
Inputs/Outputs                                                    495
    Unconnected ports (LINT-28)                                     5
    Feedthrough (LINT-29)                                         148
    Shorted outputs (LINT-31)                                     180
    Constant outputs (LINT-52)                                    162

Cells                                                              10
    Cells do not drive (LINT-1)                                    10
--------------------------------------------------------------------------------

Warning: In design 'core_MUL_CYCLES2', cell 'C2761' does not drive any nets. (LINT-1)
Warning: In design 'dcache_1way_BLOCKS32', cell 'C66497' does not drive any nets. (LINT-1)
Warning: In design 'dcache_1way_BLOCKS32', cell 'C66504' does not drive any nets. (LINT-1)
Warning: In design 'if_stage', cell 'C838' does not drive any nets. (LINT-1)
Warning: In design 'if_stage', cell 'C854' does not drive any nets. (LINT-1)
Warning: In design 'ex_stage_MUL_CYCLES2', cell 'B_10' does not drive any nets. (LINT-1)
Warning: In design 'ex_stage_MUL_CYCLES2', cell 'C699' does not drive any nets. (LINT-1)
Warning: In design 'alu', cell 'B_2' does not drive any nets. (LINT-1)
Warning: In design 'alu', cell 'B_3' does not drive any nets. (LINT-1)
Warning: In design 'alu', cell 'B_4' does not drive any nets. (LINT-1)
Warning: In design 'icache_1way_BLOCKS32', port 'addr[1]' is not connected to any nets. (LINT-28)
Warning: In design 'icache_1way_BLOCKS32', port 'addr[0]' is not connected to any nets. (LINT-28)
Warning: In design 'dcache_1way_BLOCKS32', port 'addr[1]' is not connected to any nets. (LINT-28)
Warning: In design 'dcache_1way_BLOCKS32', port 'addr[0]' is not connected to any nets. (LINT-28)
Warning: In design 'ex_stage_MUL_CYCLES2', port 'jal' is not connected to any nets. (LINT-28)
Warning: In design 'id_stage', input port 'inst[31]' is connected directly to output port 'imm_aux[31]'. (LINT-29)
Warning: In design 'id_stage', input port 'inst[31]' is connected directly to output port 'imm_alu[31]'. (LINT-29)
Warning: In design 'id_stage', input port 'inst[31]' is connected directly to output port 'imm_alu[30]'. (LINT-29)
Warning: In design 'id_stage', input port 'inst[31]' is connected directly to output port 'imm_alu[29]'. (LINT-29)
Warning: In design 'id_stage', input port 'inst[31]' is connected directly to output port 'imm_alu[28]'. (LINT-29)
Warning: In design 'id_stage', input port 'inst[31]' is connected directly to output port 'imm_alu[27]'. (LINT-29)
Warning: In design 'id_stage', input port 'inst[31]' is connected directly to output port 'imm_alu[26]'. (LINT-29)
Warning: In design 'id_stage', input port 'inst[31]' is connected directly to output port 'imm_alu[25]'. (LINT-29)
Warning: In design 'id_stage', input port 'inst[31]' is connected directly to output port 'imm_alu[24]'. (LINT-29)
Warning: In design 'id_stage', input port 'inst[31]' is connected directly to output port 'imm_alu[23]'. (LINT-29)
Warning: In design 'id_stage', input port 'inst[31]' is connected directly to output port 'imm_alu[22]'. (LINT-29)
Warning: In design 'id_stage', input port 'inst[31]' is connected directly to output port 'imm_alu[21]'. (LINT-29)
Warning: In design 'id_stage', input port 'inst[31]' is connected directly to output port 'imm_alu[20]'. (LINT-29)
Warning: In design 'id_stage', input port 'inst[31]' is connected directly to output port 'imm_alu[19]'. (LINT-29)
Warning: In design 'id_stage', input port 'inst[31]' is connected directly to output port 'imm_alu[18]'. (LINT-29)
Warning: In design 'id_stage', input port 'inst[31]' is connected directly to output port 'imm_alu[17]'. (LINT-29)
Warning: In design 'id_stage', input port 'inst[31]' is connected directly to output port 'imm_alu[16]'. (LINT-29)
Warning: In design 'id_stage', input port 'inst[31]' is connected directly to output port 'imm_alu[15]'. (LINT-29)
Warning: In design 'id_stage', input port 'inst[31]' is connected directly to output port 'imm_alu[14]'. (LINT-29)
Warning: In design 'id_stage', input port 'inst[31]' is connected directly to output port 'imm_alu[13]'. (LINT-29)
Warning: In design 'id_stage', input port 'inst[31]' is connected directly to output port 'imm_alu[12]'. (LINT-29)
Warning: In design 'id_stage', input port 'inst[31]' is connected directly to output port 'imm_alu[11]'. (LINT-29)
Warning: In design 'id_stage', input port 'inst[30]' is connected directly to output port 'imm_alu[10]'. (LINT-29)
Warning: In design 'id_stage', input port 'inst[29]' is connected directly to output port 'imm_alu[9]'. (LINT-29)
Warning: In design 'id_stage', input port 'inst[28]' is connected directly to output port 'imm_alu[8]'. (LINT-29)
Warning: In design 'id_stage', input port 'inst[27]' is connected directly to output port 'imm_alu[7]'. (LINT-29)
Warning: In design 'id_stage', input port 'inst[26]' is connected directly to output port 'imm_alu[6]'. (LINT-29)
Warning: In design 'id_stage', input port 'inst[25]' is connected directly to output port 'imm_alu[5]'. (LINT-29)
Warning: In design 'id_stage', input port 'inst[24]' is connected directly to output port 'rs2[4]'. (LINT-29)
Warning: In design 'id_stage', input port 'inst[23]' is connected directly to output port 'rs2[3]'. (LINT-29)
Warning: In design 'id_stage', input port 'inst[22]' is connected directly to output port 'rs2[2]'. (LINT-29)
Warning: In design 'id_stage', input port 'inst[21]' is connected directly to output port 'rs2[1]'. (LINT-29)
Warning: In design 'id_stage', input port 'inst[20]' is connected directly to output port 'rs2[0]'. (LINT-29)
Warning: In design 'id_stage', input port 'inst[19]' is connected directly to output port 'rs1[4]'. (LINT-29)
Warning: In design 'id_stage', input port 'inst[18]' is connected directly to output port 'rs1[3]'. (LINT-29)
Warning: In design 'id_stage', input port 'inst[17]' is connected directly to output port 'rs1[2]'. (LINT-29)
Warning: In design 'id_stage', input port 'inst[16]' is connected directly to output port 'rs1[1]'. (LINT-29)
Warning: In design 'id_stage', input port 'inst[15]' is connected directly to output port 'rs1[0]'. (LINT-29)
Warning: In design 'id_stage', input port 'inst[14]' is connected directly to output port 'funct3[2]'. (LINT-29)
Warning: In design 'id_stage', input port 'inst[13]' is connected directly to output port 'funct3[1]'. (LINT-29)
Warning: In design 'id_stage', input port 'inst[12]' is connected directly to output port 'funct3[0]'. (LINT-29)
Warning: In design 'id_stage', input port 'inst[11]' is connected directly to output port 'rd[4]'. (LINT-29)
Warning: In design 'id_stage', input port 'inst[10]' is connected directly to output port 'rd[3]'. (LINT-29)
Warning: In design 'id_stage', input port 'inst[9]' is connected directly to output port 'rd[2]'. (LINT-29)
Warning: In design 'id_stage', input port 'inst[8]' is connected directly to output port 'rd[1]'. (LINT-29)
Warning: In design 'id_stage', input port 'inst[7]' is connected directly to output port 'rd[0]'. (LINT-29)
Warning: In design 'mem_stage', input port 'mem_write' is connected directly to output port 'dmem_wen'. (LINT-29)
Warning: In design 'mem_stage', input port 'result[31]' is connected directly to output port 'dmem_addr[31]'. (LINT-29)
Warning: In design 'mem_stage', input port 'result[30]' is connected directly to output port 'dmem_addr[30]'. (LINT-29)
Warning: In design 'mem_stage', input port 'result[29]' is connected directly to output port 'dmem_addr[29]'. (LINT-29)
Warning: In design 'mem_stage', input port 'result[28]' is connected directly to output port 'dmem_addr[28]'. (LINT-29)
Warning: In design 'mem_stage', input port 'result[27]' is connected directly to output port 'dmem_addr[27]'. (LINT-29)
Warning: In design 'mem_stage', input port 'result[26]' is connected directly to output port 'dmem_addr[26]'. (LINT-29)
Warning: In design 'mem_stage', input port 'result[25]' is connected directly to output port 'dmem_addr[25]'. (LINT-29)
Warning: In design 'mem_stage', input port 'result[24]' is connected directly to output port 'dmem_addr[24]'. (LINT-29)
Warning: In design 'mem_stage', input port 'result[23]' is connected directly to output port 'dmem_addr[23]'. (LINT-29)
Warning: In design 'mem_stage', input port 'result[22]' is connected directly to output port 'dmem_addr[22]'. (LINT-29)
Warning: In design 'mem_stage', input port 'result[21]' is connected directly to output port 'dmem_addr[21]'. (LINT-29)
Warning: In design 'mem_stage', input port 'result[20]' is connected directly to output port 'dmem_addr[20]'. (LINT-29)
Warning: In design 'mem_stage', input port 'result[19]' is connected directly to output port 'dmem_addr[19]'. (LINT-29)
Warning: In design 'mem_stage', input port 'result[18]' is connected directly to output port 'dmem_addr[18]'. (LINT-29)
Warning: In design 'mem_stage', input port 'result[17]' is connected directly to output port 'dmem_addr[17]'. (LINT-29)
Warning: In design 'mem_stage', input port 'result[16]' is connected directly to output port 'dmem_addr[16]'. (LINT-29)
Warning: In design 'mem_stage', input port 'result[15]' is connected directly to output port 'dmem_addr[15]'. (LINT-29)
Warning: In design 'mem_stage', input port 'result[14]' is connected directly to output port 'dmem_addr[14]'. (LINT-29)
Warning: In design 'mem_stage', input port 'result[13]' is connected directly to output port 'dmem_addr[13]'. (LINT-29)
Warning: In design 'mem_stage', input port 'result[12]' is connected directly to output port 'dmem_addr[12]'. (LINT-29)
Warning: In design 'mem_stage', input port 'result[11]' is connected directly to output port 'dmem_addr[11]'. (LINT-29)
Warning: In design 'mem_stage', input port 'result[10]' is connected directly to output port 'dmem_addr[10]'. (LINT-29)
Warning: In design 'mem_stage', input port 'result[9]' is connected directly to output port 'dmem_addr[9]'. (LINT-29)
Warning: In design 'mem_stage', input port 'result[8]' is connected directly to output port 'dmem_addr[8]'. (LINT-29)
Warning: In design 'mem_stage', input port 'result[7]' is connected directly to output port 'dmem_addr[7]'. (LINT-29)
Warning: In design 'mem_stage', input port 'result[6]' is connected directly to output port 'dmem_addr[6]'. (LINT-29)
Warning: In design 'mem_stage', input port 'result[5]' is connected directly to output port 'dmem_addr[5]'. (LINT-29)
Warning: In design 'mem_stage', input port 'result[4]' is connected directly to output port 'dmem_addr[4]'. (LINT-29)
Warning: In design 'mem_stage', input port 'result[3]' is connected directly to output port 'dmem_addr[3]'. (LINT-29)
Warning: In design 'mem_stage', input port 'result[2]' is connected directly to output port 'dmem_addr[2]'. (LINT-29)
Warning: In design 'mem_stage', input port 'result[1]' is connected directly to output port 'dmem_addr[1]'. (LINT-29)
Warning: In design 'mem_stage', input port 'result[0]' is connected directly to output port 'dmem_addr[0]'. (LINT-29)
Warning: In design 'mem_stage', input port 'store_data[31]' is connected directly to output port 'dmem_wdata[7]'. (LINT-29)
Warning: In design 'mem_stage', input port 'store_data[30]' is connected directly to output port 'dmem_wdata[6]'. (LINT-29)
Warning: In design 'mem_stage', input port 'store_data[29]' is connected directly to output port 'dmem_wdata[5]'. (LINT-29)
Warning: In design 'mem_stage', input port 'store_data[28]' is connected directly to output port 'dmem_wdata[4]'. (LINT-29)
Warning: In design 'mem_stage', input port 'store_data[27]' is connected directly to output port 'dmem_wdata[3]'. (LINT-29)
Warning: In design 'mem_stage', input port 'store_data[26]' is connected directly to output port 'dmem_wdata[2]'. (LINT-29)
Warning: In design 'mem_stage', input port 'store_data[25]' is connected directly to output port 'dmem_wdata[1]'. (LINT-29)
Warning: In design 'mem_stage', input port 'store_data[24]' is connected directly to output port 'dmem_wdata[0]'. (LINT-29)
Warning: In design 'mem_stage', input port 'store_data[23]' is connected directly to output port 'dmem_wdata[15]'. (LINT-29)
Warning: In design 'mem_stage', input port 'store_data[22]' is connected directly to output port 'dmem_wdata[14]'. (LINT-29)
Warning: In design 'mem_stage', input port 'store_data[21]' is connected directly to output port 'dmem_wdata[13]'. (LINT-29)
Warning: In design 'mem_stage', input port 'store_data[20]' is connected directly to output port 'dmem_wdata[12]'. (LINT-29)
Warning: In design 'mem_stage', input port 'store_data[19]' is connected directly to output port 'dmem_wdata[11]'. (LINT-29)
Warning: In design 'mem_stage', input port 'store_data[18]' is connected directly to output port 'dmem_wdata[10]'. (LINT-29)
Warning: In design 'mem_stage', input port 'store_data[17]' is connected directly to output port 'dmem_wdata[9]'. (LINT-29)
Warning: In design 'mem_stage', input port 'store_data[16]' is connected directly to output port 'dmem_wdata[8]'. (LINT-29)
Warning: In design 'mem_stage', input port 'store_data[15]' is connected directly to output port 'dmem_wdata[23]'. (LINT-29)
Warning: In design 'mem_stage', input port 'store_data[14]' is connected directly to output port 'dmem_wdata[22]'. (LINT-29)
Warning: In design 'mem_stage', input port 'store_data[13]' is connected directly to output port 'dmem_wdata[21]'. (LINT-29)
Warning: In design 'mem_stage', input port 'store_data[12]' is connected directly to output port 'dmem_wdata[20]'. (LINT-29)
Warning: In design 'mem_stage', input port 'store_data[11]' is connected directly to output port 'dmem_wdata[19]'. (LINT-29)
Warning: In design 'mem_stage', input port 'store_data[10]' is connected directly to output port 'dmem_wdata[18]'. (LINT-29)
Warning: In design 'mem_stage', input port 'store_data[9]' is connected directly to output port 'dmem_wdata[17]'. (LINT-29)
Warning: In design 'mem_stage', input port 'store_data[8]' is connected directly to output port 'dmem_wdata[16]'. (LINT-29)
Warning: In design 'mem_stage', input port 'store_data[7]' is connected directly to output port 'dmem_wdata[31]'. (LINT-29)
Warning: In design 'mem_stage', input port 'store_data[6]' is connected directly to output port 'dmem_wdata[30]'. (LINT-29)
Warning: In design 'mem_stage', input port 'store_data[5]' is connected directly to output port 'dmem_wdata[29]'. (LINT-29)
Warning: In design 'mem_stage', input port 'store_data[4]' is connected directly to output port 'dmem_wdata[28]'. (LINT-29)
Warning: In design 'mem_stage', input port 'store_data[3]' is connected directly to output port 'dmem_wdata[27]'. (LINT-29)
Warning: In design 'mem_stage', input port 'store_data[2]' is connected directly to output port 'dmem_wdata[26]'. (LINT-29)
Warning: In design 'mem_stage', input port 'store_data[1]' is connected directly to output port 'dmem_wdata[25]'. (LINT-29)
Warning: In design 'mem_stage', input port 'store_data[0]' is connected directly to output port 'dmem_wdata[24]'. (LINT-29)
Warning: In design 'wb_stage', input port 'rd[4]' is connected directly to output port 'wb_rd[4]'. (LINT-29)
Warning: In design 'wb_stage', input port 'rd[3]' is connected directly to output port 'wb_rd[3]'. (LINT-29)
Warning: In design 'wb_stage', input port 'rd[2]' is connected directly to output port 'wb_rd[2]'. (LINT-29)
Warning: In design 'wb_stage', input port 'rd[1]' is connected directly to output port 'wb_rd[1]'. (LINT-29)
Warning: In design 'wb_stage', input port 'rd[0]' is connected directly to output port 'wb_rd[0]'. (LINT-29)
Warning: In design 'wb_stage', input port 'wb_data[31]' is connected directly to output port 'wb_wdata[31]'. (LINT-29)
Warning: In design 'wb_stage', input port 'wb_data[30]' is connected directly to output port 'wb_wdata[30]'. (LINT-29)
Warning: In design 'wb_stage', input port 'wb_data[29]' is connected directly to output port 'wb_wdata[29]'. (LINT-29)
Warning: In design 'wb_stage', input port 'wb_data[28]' is connected directly to output port 'wb_wdata[28]'. (LINT-29)
Warning: In design 'wb_stage', input port 'wb_data[27]' is connected directly to output port 'wb_wdata[27]'. (LINT-29)
Warning: In design 'wb_stage', input port 'wb_data[26]' is connected directly to output port 'wb_wdata[26]'. (LINT-29)
Warning: In design 'wb_stage', input port 'wb_data[25]' is connected directly to output port 'wb_wdata[25]'. (LINT-29)
Warning: In design 'wb_stage', input port 'wb_data[24]' is connected directly to output port 'wb_wdata[24]'. (LINT-29)
Warning: In design 'wb_stage', input port 'wb_data[23]' is connected directly to output port 'wb_wdata[23]'. (LINT-29)
Warning: In design 'wb_stage', input port 'wb_data[22]' is connected directly to output port 'wb_wdata[22]'. (LINT-29)
Warning: In design 'wb_stage', input port 'wb_data[21]' is connected directly to output port 'wb_wdata[21]'. (LINT-29)
Warning: In design 'wb_stage', input port 'wb_data[20]' is connected directly to output port 'wb_wdata[20]'. (LINT-29)
Warning: In design 'wb_stage', input port 'wb_data[19]' is connected directly to output port 'wb_wdata[19]'. (LINT-29)
Warning: In design 'wb_stage', input port 'wb_data[18]' is connected directly to output port 'wb_wdata[18]'. (LINT-29)
Warning: In design 'wb_stage', input port 'wb_data[17]' is connected directly to output port 'wb_wdata[17]'. (LINT-29)
Warning: In design 'wb_stage', input port 'wb_data[16]' is connected directly to output port 'wb_wdata[16]'. (LINT-29)
Warning: In design 'wb_stage', input port 'wb_data[15]' is connected directly to output port 'wb_wdata[15]'. (LINT-29)
Warning: In design 'wb_stage', input port 'wb_data[14]' is connected directly to output port 'wb_wdata[14]'. (LINT-29)
Warning: In design 'wb_stage', input port 'wb_data[13]' is connected directly to output port 'wb_wdata[13]'. (LINT-29)
Warning: In design 'wb_stage', input port 'wb_data[12]' is connected directly to output port 'wb_wdata[12]'. (LINT-29)
Warning: In design 'wb_stage', input port 'wb_data[11]' is connected directly to output port 'wb_wdata[11]'. (LINT-29)
Warning: In design 'wb_stage', input port 'wb_data[10]' is connected directly to output port 'wb_wdata[10]'. (LINT-29)
Warning: In design 'wb_stage', input port 'wb_data[9]' is connected directly to output port 'wb_wdata[9]'. (LINT-29)
Warning: In design 'wb_stage', input port 'wb_data[8]' is connected directly to output port 'wb_wdata[8]'. (LINT-29)
Warning: In design 'wb_stage', input port 'wb_data[7]' is connected directly to output port 'wb_wdata[7]'. (LINT-29)
Warning: In design 'wb_stage', input port 'wb_data[6]' is connected directly to output port 'wb_wdata[6]'. (LINT-29)
Warning: In design 'wb_stage', input port 'wb_data[5]' is connected directly to output port 'wb_wdata[5]'. (LINT-29)
Warning: In design 'wb_stage', input port 'wb_data[4]' is connected directly to output port 'wb_wdata[4]'. (LINT-29)
Warning: In design 'wb_stage', input port 'wb_data[3]' is connected directly to output port 'wb_wdata[3]'. (LINT-29)
Warning: In design 'wb_stage', input port 'wb_data[2]' is connected directly to output port 'wb_wdata[2]'. (LINT-29)
Warning: In design 'wb_stage', input port 'wb_data[1]' is connected directly to output port 'wb_wdata[1]'. (LINT-29)
Warning: In design 'wb_stage', input port 'wb_data[0]' is connected directly to output port 'wb_wdata[0]'. (LINT-29)
Warning: In design 'core_MUL_CYCLES2', output port 'o_flush' is connected directly to output port 'o_done'. (LINT-31)
Warning: In design 'icache_1way_BLOCKS32', output port 'mem_write' is connected directly to output port 'mem_wdata[0]'. (LINT-31)
Warning: In design 'icache_1way_BLOCKS32', output port 'mem_write' is connected directly to output port 'mem_wdata[1]'. (LINT-31)
Warning: In design 'icache_1way_BLOCKS32', output port 'mem_write' is connected directly to output port 'mem_wdata[2]'. (LINT-31)
Warning: In design 'icache_1way_BLOCKS32', output port 'mem_write' is connected directly to output port 'mem_wdata[3]'. (LINT-31)
Warning: In design 'icache_1way_BLOCKS32', output port 'mem_write' is connected directly to output port 'mem_wdata[4]'. (LINT-31)
Warning: In design 'icache_1way_BLOCKS32', output port 'mem_write' is connected directly to output port 'mem_wdata[5]'. (LINT-31)
Warning: In design 'icache_1way_BLOCKS32', output port 'mem_write' is connected directly to output port 'mem_wdata[6]'. (LINT-31)
Warning: In design 'icache_1way_BLOCKS32', output port 'mem_write' is connected directly to output port 'mem_wdata[7]'. (LINT-31)
Warning: In design 'icache_1way_BLOCKS32', output port 'mem_write' is connected directly to output port 'mem_wdata[8]'. (LINT-31)
Warning: In design 'icache_1way_BLOCKS32', output port 'mem_write' is connected directly to output port 'mem_wdata[9]'. (LINT-31)
Warning: In design 'icache_1way_BLOCKS32', output port 'mem_write' is connected directly to output port 'mem_wdata[10]'. (LINT-31)
Warning: In design 'icache_1way_BLOCKS32', output port 'mem_write' is connected directly to output port 'mem_wdata[11]'. (LINT-31)
Warning: In design 'icache_1way_BLOCKS32', output port 'mem_write' is connected directly to output port 'mem_wdata[12]'. (LINT-31)
Warning: In design 'icache_1way_BLOCKS32', output port 'mem_write' is connected directly to output port 'mem_wdata[13]'. (LINT-31)
Warning: In design 'icache_1way_BLOCKS32', output port 'mem_write' is connected directly to output port 'mem_wdata[14]'. (LINT-31)
Warning: In design 'icache_1way_BLOCKS32', output port 'mem_write' is connected directly to output port 'mem_wdata[15]'. (LINT-31)
Warning: In design 'icache_1way_BLOCKS32', output port 'mem_write' is connected directly to output port 'mem_wdata[16]'. (LINT-31)
Warning: In design 'icache_1way_BLOCKS32', output port 'mem_write' is connected directly to output port 'mem_wdata[17]'. (LINT-31)
Warning: In design 'icache_1way_BLOCKS32', output port 'mem_write' is connected directly to output port 'mem_wdata[18]'. (LINT-31)
Warning: In design 'icache_1way_BLOCKS32', output port 'mem_write' is connected directly to output port 'mem_wdata[19]'. (LINT-31)
Warning: In design 'icache_1way_BLOCKS32', output port 'mem_write' is connected directly to output port 'mem_wdata[20]'. (LINT-31)
Warning: In design 'icache_1way_BLOCKS32', output port 'mem_write' is connected directly to output port 'mem_wdata[21]'. (LINT-31)
Warning: In design 'icache_1way_BLOCKS32', output port 'mem_write' is connected directly to output port 'mem_wdata[22]'. (LINT-31)
Warning: In design 'icache_1way_BLOCKS32', output port 'mem_write' is connected directly to output port 'mem_wdata[23]'. (LINT-31)
Warning: In design 'icache_1way_BLOCKS32', output port 'mem_write' is connected directly to output port 'mem_wdata[24]'. (LINT-31)
Warning: In design 'icache_1way_BLOCKS32', output port 'mem_write' is connected directly to output port 'mem_wdata[25]'. (LINT-31)
Warning: In design 'icache_1way_BLOCKS32', output port 'mem_write' is connected directly to output port 'mem_wdata[26]'. (LINT-31)
Warning: In design 'icache_1way_BLOCKS32', output port 'mem_write' is connected directly to output port 'mem_wdata[27]'. (LINT-31)
Warning: In design 'icache_1way_BLOCKS32', output port 'mem_write' is connected directly to output port 'mem_wdata[28]'. (LINT-31)
Warning: In design 'icache_1way_BLOCKS32', output port 'mem_write' is connected directly to output port 'mem_wdata[29]'. (LINT-31)
Warning: In design 'icache_1way_BLOCKS32', output port 'mem_write' is connected directly to output port 'mem_wdata[30]'. (LINT-31)
Warning: In design 'icache_1way_BLOCKS32', output port 'mem_write' is connected directly to output port 'mem_wdata[31]'. (LINT-31)
Warning: In design 'icache_1way_BLOCKS32', output port 'mem_write' is connected directly to output port 'mem_wdata[32]'. (LINT-31)
Warning: In design 'icache_1way_BLOCKS32', output port 'mem_write' is connected directly to output port 'mem_wdata[33]'. (LINT-31)
Warning: In design 'icache_1way_BLOCKS32', output port 'mem_write' is connected directly to output port 'mem_wdata[34]'. (LINT-31)
Warning: In design 'icache_1way_BLOCKS32', output port 'mem_write' is connected directly to output port 'mem_wdata[35]'. (LINT-31)
Warning: In design 'icache_1way_BLOCKS32', output port 'mem_write' is connected directly to output port 'mem_wdata[36]'. (LINT-31)
Warning: In design 'icache_1way_BLOCKS32', output port 'mem_write' is connected directly to output port 'mem_wdata[37]'. (LINT-31)
Warning: In design 'icache_1way_BLOCKS32', output port 'mem_write' is connected directly to output port 'mem_wdata[38]'. (LINT-31)
Warning: In design 'icache_1way_BLOCKS32', output port 'mem_write' is connected directly to output port 'mem_wdata[39]'. (LINT-31)
Warning: In design 'icache_1way_BLOCKS32', output port 'mem_write' is connected directly to output port 'mem_wdata[40]'. (LINT-31)
Warning: In design 'icache_1way_BLOCKS32', output port 'mem_write' is connected directly to output port 'mem_wdata[41]'. (LINT-31)
Warning: In design 'icache_1way_BLOCKS32', output port 'mem_write' is connected directly to output port 'mem_wdata[42]'. (LINT-31)
Warning: In design 'icache_1way_BLOCKS32', output port 'mem_write' is connected directly to output port 'mem_wdata[43]'. (LINT-31)
Warning: In design 'icache_1way_BLOCKS32', output port 'mem_write' is connected directly to output port 'mem_wdata[44]'. (LINT-31)
Warning: In design 'icache_1way_BLOCKS32', output port 'mem_write' is connected directly to output port 'mem_wdata[45]'. (LINT-31)
Warning: In design 'icache_1way_BLOCKS32', output port 'mem_write' is connected directly to output port 'mem_wdata[46]'. (LINT-31)
Warning: In design 'icache_1way_BLOCKS32', output port 'mem_write' is connected directly to output port 'mem_wdata[47]'. (LINT-31)
Warning: In design 'icache_1way_BLOCKS32', output port 'mem_write' is connected directly to output port 'mem_wdata[48]'. (LINT-31)
Warning: In design 'icache_1way_BLOCKS32', output port 'mem_write' is connected directly to output port 'mem_wdata[49]'. (LINT-31)
Warning: In design 'icache_1way_BLOCKS32', output port 'mem_write' is connected directly to output port 'mem_wdata[50]'. (LINT-31)
Warning: In design 'icache_1way_BLOCKS32', output port 'mem_write' is connected directly to output port 'mem_wdata[51]'. (LINT-31)
Warning: In design 'icache_1way_BLOCKS32', output port 'mem_write' is connected directly to output port 'mem_wdata[52]'. (LINT-31)
Warning: In design 'icache_1way_BLOCKS32', output port 'mem_write' is connected directly to output port 'mem_wdata[53]'. (LINT-31)
Warning: In design 'icache_1way_BLOCKS32', output port 'mem_write' is connected directly to output port 'mem_wdata[54]'. (LINT-31)
Warning: In design 'icache_1way_BLOCKS32', output port 'mem_write' is connected directly to output port 'mem_wdata[55]'. (LINT-31)
Warning: In design 'icache_1way_BLOCKS32', output port 'mem_write' is connected directly to output port 'mem_wdata[56]'. (LINT-31)
Warning: In design 'icache_1way_BLOCKS32', output port 'mem_write' is connected directly to output port 'mem_wdata[57]'. (LINT-31)
Warning: In design 'icache_1way_BLOCKS32', output port 'mem_write' is connected directly to output port 'mem_wdata[58]'. (LINT-31)
Warning: In design 'icache_1way_BLOCKS32', output port 'mem_write' is connected directly to output port 'mem_wdata[59]'. (LINT-31)
Warning: In design 'icache_1way_BLOCKS32', output port 'mem_write' is connected directly to output port 'mem_wdata[60]'. (LINT-31)
Warning: In design 'icache_1way_BLOCKS32', output port 'mem_write' is connected directly to output port 'mem_wdata[61]'. (LINT-31)
Warning: In design 'icache_1way_BLOCKS32', output port 'mem_write' is connected directly to output port 'mem_wdata[62]'. (LINT-31)
Warning: In design 'icache_1way_BLOCKS32', output port 'mem_write' is connected directly to output port 'mem_wdata[63]'. (LINT-31)
Warning: In design 'icache_1way_BLOCKS32', output port 'mem_write' is connected directly to output port 'mem_wdata[64]'. (LINT-31)
Warning: In design 'icache_1way_BLOCKS32', output port 'mem_write' is connected directly to output port 'mem_wdata[65]'. (LINT-31)
Warning: In design 'icache_1way_BLOCKS32', output port 'mem_write' is connected directly to output port 'mem_wdata[66]'. (LINT-31)
Warning: In design 'icache_1way_BLOCKS32', output port 'mem_write' is connected directly to output port 'mem_wdata[67]'. (LINT-31)
Warning: In design 'icache_1way_BLOCKS32', output port 'mem_write' is connected directly to output port 'mem_wdata[68]'. (LINT-31)
Warning: In design 'icache_1way_BLOCKS32', output port 'mem_write' is connected directly to output port 'mem_wdata[69]'. (LINT-31)
Warning: In design 'icache_1way_BLOCKS32', output port 'mem_write' is connected directly to output port 'mem_wdata[70]'. (LINT-31)
Warning: In design 'icache_1way_BLOCKS32', output port 'mem_write' is connected directly to output port 'mem_wdata[71]'. (LINT-31)
Warning: In design 'icache_1way_BLOCKS32', output port 'mem_write' is connected directly to output port 'mem_wdata[72]'. (LINT-31)
Warning: In design 'icache_1way_BLOCKS32', output port 'mem_write' is connected directly to output port 'mem_wdata[73]'. (LINT-31)
Warning: In design 'icache_1way_BLOCKS32', output port 'mem_write' is connected directly to output port 'mem_wdata[74]'. (LINT-31)
Warning: In design 'icache_1way_BLOCKS32', output port 'mem_write' is connected directly to output port 'mem_wdata[75]'. (LINT-31)
Warning: In design 'icache_1way_BLOCKS32', output port 'mem_write' is connected directly to output port 'mem_wdata[76]'. (LINT-31)
Warning: In design 'icache_1way_BLOCKS32', output port 'mem_write' is connected directly to output port 'mem_wdata[77]'. (LINT-31)
Warning: In design 'icache_1way_BLOCKS32', output port 'mem_write' is connected directly to output port 'mem_wdata[78]'. (LINT-31)
Warning: In design 'icache_1way_BLOCKS32', output port 'mem_write' is connected directly to output port 'mem_wdata[79]'. (LINT-31)
Warning: In design 'icache_1way_BLOCKS32', output port 'mem_write' is connected directly to output port 'mem_wdata[80]'. (LINT-31)
Warning: In design 'icache_1way_BLOCKS32', output port 'mem_write' is connected directly to output port 'mem_wdata[81]'. (LINT-31)
Warning: In design 'icache_1way_BLOCKS32', output port 'mem_write' is connected directly to output port 'mem_wdata[82]'. (LINT-31)
Warning: In design 'icache_1way_BLOCKS32', output port 'mem_write' is connected directly to output port 'mem_wdata[83]'. (LINT-31)
Warning: In design 'icache_1way_BLOCKS32', output port 'mem_write' is connected directly to output port 'mem_wdata[84]'. (LINT-31)
Warning: In design 'icache_1way_BLOCKS32', output port 'mem_write' is connected directly to output port 'mem_wdata[85]'. (LINT-31)
Warning: In design 'icache_1way_BLOCKS32', output port 'mem_write' is connected directly to output port 'mem_wdata[86]'. (LINT-31)
Warning: In design 'icache_1way_BLOCKS32', output port 'mem_write' is connected directly to output port 'mem_wdata[87]'. (LINT-31)
Warning: In design 'icache_1way_BLOCKS32', output port 'mem_write' is connected directly to output port 'mem_wdata[88]'. (LINT-31)
Warning: In design 'icache_1way_BLOCKS32', output port 'mem_write' is connected directly to output port 'mem_wdata[89]'. (LINT-31)
Warning: In design 'icache_1way_BLOCKS32', output port 'mem_write' is connected directly to output port 'mem_wdata[90]'. (LINT-31)
Warning: In design 'icache_1way_BLOCKS32', output port 'mem_write' is connected directly to output port 'mem_wdata[91]'. (LINT-31)
Warning: In design 'icache_1way_BLOCKS32', output port 'mem_write' is connected directly to output port 'mem_wdata[92]'. (LINT-31)
Warning: In design 'icache_1way_BLOCKS32', output port 'mem_write' is connected directly to output port 'mem_wdata[93]'. (LINT-31)
Warning: In design 'icache_1way_BLOCKS32', output port 'mem_write' is connected directly to output port 'mem_wdata[94]'. (LINT-31)
Warning: In design 'icache_1way_BLOCKS32', output port 'mem_write' is connected directly to output port 'mem_wdata[95]'. (LINT-31)
Warning: In design 'icache_1way_BLOCKS32', output port 'mem_write' is connected directly to output port 'mem_wdata[96]'. (LINT-31)
Warning: In design 'icache_1way_BLOCKS32', output port 'mem_write' is connected directly to output port 'mem_wdata[97]'. (LINT-31)
Warning: In design 'icache_1way_BLOCKS32', output port 'mem_write' is connected directly to output port 'mem_wdata[98]'. (LINT-31)
Warning: In design 'icache_1way_BLOCKS32', output port 'mem_write' is connected directly to output port 'mem_wdata[99]'. (LINT-31)
Warning: In design 'icache_1way_BLOCKS32', output port 'mem_write' is connected directly to output port 'mem_wdata[100]'. (LINT-31)
Warning: In design 'icache_1way_BLOCKS32', output port 'mem_write' is connected directly to output port 'mem_wdata[101]'. (LINT-31)
Warning: In design 'icache_1way_BLOCKS32', output port 'mem_write' is connected directly to output port 'mem_wdata[102]'. (LINT-31)
Warning: In design 'icache_1way_BLOCKS32', output port 'mem_write' is connected directly to output port 'mem_wdata[103]'. (LINT-31)
Warning: In design 'icache_1way_BLOCKS32', output port 'mem_write' is connected directly to output port 'mem_wdata[104]'. (LINT-31)
Warning: In design 'icache_1way_BLOCKS32', output port 'mem_write' is connected directly to output port 'mem_wdata[105]'. (LINT-31)
Warning: In design 'icache_1way_BLOCKS32', output port 'mem_write' is connected directly to output port 'mem_wdata[106]'. (LINT-31)
Warning: In design 'icache_1way_BLOCKS32', output port 'mem_write' is connected directly to output port 'mem_wdata[107]'. (LINT-31)
Warning: In design 'icache_1way_BLOCKS32', output port 'mem_write' is connected directly to output port 'mem_wdata[108]'. (LINT-31)
Warning: In design 'icache_1way_BLOCKS32', output port 'mem_write' is connected directly to output port 'mem_wdata[109]'. (LINT-31)
Warning: In design 'icache_1way_BLOCKS32', output port 'mem_write' is connected directly to output port 'mem_wdata[110]'. (LINT-31)
Warning: In design 'icache_1way_BLOCKS32', output port 'mem_write' is connected directly to output port 'mem_wdata[111]'. (LINT-31)
Warning: In design 'icache_1way_BLOCKS32', output port 'mem_write' is connected directly to output port 'mem_wdata[112]'. (LINT-31)
Warning: In design 'icache_1way_BLOCKS32', output port 'mem_write' is connected directly to output port 'mem_wdata[113]'. (LINT-31)
Warning: In design 'icache_1way_BLOCKS32', output port 'mem_write' is connected directly to output port 'mem_wdata[114]'. (LINT-31)
Warning: In design 'icache_1way_BLOCKS32', output port 'mem_write' is connected directly to output port 'mem_wdata[115]'. (LINT-31)
Warning: In design 'icache_1way_BLOCKS32', output port 'mem_write' is connected directly to output port 'mem_wdata[116]'. (LINT-31)
Warning: In design 'icache_1way_BLOCKS32', output port 'mem_write' is connected directly to output port 'mem_wdata[117]'. (LINT-31)
Warning: In design 'icache_1way_BLOCKS32', output port 'mem_write' is connected directly to output port 'mem_wdata[118]'. (LINT-31)
Warning: In design 'icache_1way_BLOCKS32', output port 'mem_write' is connected directly to output port 'mem_wdata[119]'. (LINT-31)
Warning: In design 'icache_1way_BLOCKS32', output port 'mem_write' is connected directly to output port 'mem_wdata[120]'. (LINT-31)
Warning: In design 'icache_1way_BLOCKS32', output port 'mem_write' is connected directly to output port 'mem_wdata[121]'. (LINT-31)
Warning: In design 'icache_1way_BLOCKS32', output port 'mem_write' is connected directly to output port 'mem_wdata[122]'. (LINT-31)
Warning: In design 'icache_1way_BLOCKS32', output port 'mem_write' is connected directly to output port 'mem_wdata[123]'. (LINT-31)
Warning: In design 'icache_1way_BLOCKS32', output port 'mem_write' is connected directly to output port 'mem_wdata[124]'. (LINT-31)
Warning: In design 'icache_1way_BLOCKS32', output port 'mem_write' is connected directly to output port 'mem_wdata[125]'. (LINT-31)
Warning: In design 'icache_1way_BLOCKS32', output port 'mem_write' is connected directly to output port 'mem_wdata[126]'. (LINT-31)
Warning: In design 'icache_1way_BLOCKS32', output port 'mem_write' is connected directly to output port 'mem_wdata[127]'. (LINT-31)
Warning: In design 'if_stage', output port 'if_pc_inc[31]' is connected directly to output port 'if_pc_inc[0]'. (LINT-31)
Warning: In design 'if_stage', output port 'if_pc_inc[31]' is connected directly to output port 'if_pc_inc[3]'. (LINT-31)
Warning: In design 'if_stage', output port 'if_pc_inc[31]' is connected directly to output port 'if_pc_inc[4]'. (LINT-31)
Warning: In design 'if_stage', output port 'if_pc_inc[31]' is connected directly to output port 'if_pc_inc[5]'. (LINT-31)
Warning: In design 'if_stage', output port 'if_pc_inc[31]' is connected directly to output port 'if_pc_inc[6]'. (LINT-31)
Warning: In design 'if_stage', output port 'if_pc_inc[31]' is connected directly to output port 'if_pc_inc[7]'. (LINT-31)
Warning: In design 'if_stage', output port 'if_pc_inc[31]' is connected directly to output port 'if_pc_inc[8]'. (LINT-31)
Warning: In design 'if_stage', output port 'if_pc_inc[31]' is connected directly to output port 'if_pc_inc[9]'. (LINT-31)
Warning: In design 'if_stage', output port 'if_pc_inc[31]' is connected directly to output port 'if_pc_inc[10]'. (LINT-31)
Warning: In design 'if_stage', output port 'if_pc_inc[31]' is connected directly to output port 'if_pc_inc[11]'. (LINT-31)
Warning: In design 'if_stage', output port 'if_pc_inc[31]' is connected directly to output port 'if_pc_inc[12]'. (LINT-31)
Warning: In design 'if_stage', output port 'if_pc_inc[31]' is connected directly to output port 'if_pc_inc[13]'. (LINT-31)
Warning: In design 'if_stage', output port 'if_pc_inc[31]' is connected directly to output port 'if_pc_inc[14]'. (LINT-31)
Warning: In design 'if_stage', output port 'if_pc_inc[31]' is connected directly to output port 'if_pc_inc[15]'. (LINT-31)
Warning: In design 'if_stage', output port 'if_pc_inc[31]' is connected directly to output port 'if_pc_inc[16]'. (LINT-31)
Warning: In design 'if_stage', output port 'if_pc_inc[31]' is connected directly to output port 'if_pc_inc[17]'. (LINT-31)
Warning: In design 'if_stage', output port 'if_pc_inc[31]' is connected directly to output port 'if_pc_inc[18]'. (LINT-31)
Warning: In design 'if_stage', output port 'if_pc_inc[31]' is connected directly to output port 'if_pc_inc[19]'. (LINT-31)
Warning: In design 'if_stage', output port 'if_pc_inc[31]' is connected directly to output port 'if_pc_inc[20]'. (LINT-31)
Warning: In design 'if_stage', output port 'if_pc_inc[31]' is connected directly to output port 'if_pc_inc[21]'. (LINT-31)
Warning: In design 'if_stage', output port 'if_pc_inc[31]' is connected directly to output port 'if_pc_inc[22]'. (LINT-31)
Warning: In design 'if_stage', output port 'if_pc_inc[31]' is connected directly to output port 'if_pc_inc[23]'. (LINT-31)
Warning: In design 'if_stage', output port 'if_pc_inc[31]' is connected directly to output port 'if_pc_inc[24]'. (LINT-31)
Warning: In design 'if_stage', output port 'if_pc_inc[31]' is connected directly to output port 'if_pc_inc[25]'. (LINT-31)
Warning: In design 'if_stage', output port 'if_pc_inc[31]' is connected directly to output port 'if_pc_inc[26]'. (LINT-31)
Warning: In design 'if_stage', output port 'if_pc_inc[31]' is connected directly to output port 'if_pc_inc[27]'. (LINT-31)
Warning: In design 'if_stage', output port 'if_pc_inc[31]' is connected directly to output port 'if_pc_inc[28]'. (LINT-31)
Warning: In design 'if_stage', output port 'if_pc_inc[31]' is connected directly to output port 'if_pc_inc[29]'. (LINT-31)
Warning: In design 'if_stage', output port 'if_pc_inc[31]' is connected directly to output port 'if_pc_inc[30]'. (LINT-31)
Warning: In design 'id_stage', output port 'imm_alu[31]' is connected directly to output port 'imm_aux[31]'. (LINT-31)
Warning: In design 'id_stage', output port 'imm_alu[31]' is connected directly to output port 'imm_alu[30]'. (LINT-31)
Warning: In design 'id_stage', output port 'imm_alu[31]' is connected directly to output port 'imm_alu[29]'. (LINT-31)
Warning: In design 'id_stage', output port 'imm_alu[31]' is connected directly to output port 'imm_alu[28]'. (LINT-31)
Warning: In design 'id_stage', output port 'imm_alu[31]' is connected directly to output port 'imm_alu[27]'. (LINT-31)
Warning: In design 'id_stage', output port 'imm_alu[31]' is connected directly to output port 'imm_alu[26]'. (LINT-31)
Warning: In design 'id_stage', output port 'imm_alu[31]' is connected directly to output port 'imm_alu[25]'. (LINT-31)
Warning: In design 'id_stage', output port 'imm_alu[31]' is connected directly to output port 'imm_alu[24]'. (LINT-31)
Warning: In design 'id_stage', output port 'imm_alu[31]' is connected directly to output port 'imm_alu[23]'. (LINT-31)
Warning: In design 'id_stage', output port 'imm_alu[31]' is connected directly to output port 'imm_alu[22]'. (LINT-31)
Warning: In design 'id_stage', output port 'imm_alu[31]' is connected directly to output port 'imm_alu[21]'. (LINT-31)
Warning: In design 'id_stage', output port 'imm_alu[31]' is connected directly to output port 'imm_alu[20]'. (LINT-31)
Warning: In design 'id_stage', output port 'imm_alu[31]' is connected directly to output port 'imm_alu[19]'. (LINT-31)
Warning: In design 'id_stage', output port 'imm_alu[31]' is connected directly to output port 'imm_alu[18]'. (LINT-31)
Warning: In design 'id_stage', output port 'imm_alu[31]' is connected directly to output port 'imm_alu[17]'. (LINT-31)
Warning: In design 'id_stage', output port 'imm_alu[31]' is connected directly to output port 'imm_alu[16]'. (LINT-31)
Warning: In design 'id_stage', output port 'imm_alu[31]' is connected directly to output port 'imm_alu[15]'. (LINT-31)
Warning: In design 'id_stage', output port 'imm_alu[31]' is connected directly to output port 'imm_alu[14]'. (LINT-31)
Warning: In design 'id_stage', output port 'imm_alu[31]' is connected directly to output port 'imm_alu[13]'. (LINT-31)
Warning: In design 'id_stage', output port 'imm_alu[31]' is connected directly to output port 'imm_alu[12]'. (LINT-31)
Warning: In design 'id_stage', output port 'imm_alu[31]' is connected directly to output port 'imm_alu[11]'. (LINT-31)
Warning: In design 'compressed_decoder', output port 'inst[1]' is connected directly to output port 'inst[0]'. (LINT-31)
Warning: In design 'icache_1way_BLOCKS32', output port 'mem_write' is connected directly to 'logic 0'. (LINT-52)
Warning: In design 'icache_1way_BLOCKS32', output port 'mem_wdata[127]' is connected directly to 'logic 0'. (LINT-52)
Warning: In design 'icache_1way_BLOCKS32', output port 'mem_wdata[126]' is connected directly to 'logic 0'. (LINT-52)
Warning: In design 'icache_1way_BLOCKS32', output port 'mem_wdata[125]' is connected directly to 'logic 0'. (LINT-52)
Warning: In design 'icache_1way_BLOCKS32', output port 'mem_wdata[124]' is connected directly to 'logic 0'. (LINT-52)
Warning: In design 'icache_1way_BLOCKS32', output port 'mem_wdata[123]' is connected directly to 'logic 0'. (LINT-52)
Warning: In design 'icache_1way_BLOCKS32', output port 'mem_wdata[122]' is connected directly to 'logic 0'. (LINT-52)
Warning: In design 'icache_1way_BLOCKS32', output port 'mem_wdata[121]' is connected directly to 'logic 0'. (LINT-52)
Warning: In design 'icache_1way_BLOCKS32', output port 'mem_wdata[120]' is connected directly to 'logic 0'. (LINT-52)
Warning: In design 'icache_1way_BLOCKS32', output port 'mem_wdata[119]' is connected directly to 'logic 0'. (LINT-52)
Warning: In design 'icache_1way_BLOCKS32', output port 'mem_wdata[118]' is connected directly to 'logic 0'. (LINT-52)
Warning: In design 'icache_1way_BLOCKS32', output port 'mem_wdata[117]' is connected directly to 'logic 0'. (LINT-52)
Warning: In design 'icache_1way_BLOCKS32', output port 'mem_wdata[116]' is connected directly to 'logic 0'. (LINT-52)
Warning: In design 'icache_1way_BLOCKS32', output port 'mem_wdata[115]' is connected directly to 'logic 0'. (LINT-52)
Warning: In design 'icache_1way_BLOCKS32', output port 'mem_wdata[114]' is connected directly to 'logic 0'. (LINT-52)
Warning: In design 'icache_1way_BLOCKS32', output port 'mem_wdata[113]' is connected directly to 'logic 0'. (LINT-52)
Warning: In design 'icache_1way_BLOCKS32', output port 'mem_wdata[112]' is connected directly to 'logic 0'. (LINT-52)
Warning: In design 'icache_1way_BLOCKS32', output port 'mem_wdata[111]' is connected directly to 'logic 0'. (LINT-52)
Warning: In design 'icache_1way_BLOCKS32', output port 'mem_wdata[110]' is connected directly to 'logic 0'. (LINT-52)
Warning: In design 'icache_1way_BLOCKS32', output port 'mem_wdata[109]' is connected directly to 'logic 0'. (LINT-52)
Warning: In design 'icache_1way_BLOCKS32', output port 'mem_wdata[108]' is connected directly to 'logic 0'. (LINT-52)
Warning: In design 'icache_1way_BLOCKS32', output port 'mem_wdata[107]' is connected directly to 'logic 0'. (LINT-52)
Warning: In design 'icache_1way_BLOCKS32', output port 'mem_wdata[106]' is connected directly to 'logic 0'. (LINT-52)
Warning: In design 'icache_1way_BLOCKS32', output port 'mem_wdata[105]' is connected directly to 'logic 0'. (LINT-52)
Warning: In design 'icache_1way_BLOCKS32', output port 'mem_wdata[104]' is connected directly to 'logic 0'. (LINT-52)
Warning: In design 'icache_1way_BLOCKS32', output port 'mem_wdata[103]' is connected directly to 'logic 0'. (LINT-52)
Warning: In design 'icache_1way_BLOCKS32', output port 'mem_wdata[102]' is connected directly to 'logic 0'. (LINT-52)
Warning: In design 'icache_1way_BLOCKS32', output port 'mem_wdata[101]' is connected directly to 'logic 0'. (LINT-52)
Warning: In design 'icache_1way_BLOCKS32', output port 'mem_wdata[100]' is connected directly to 'logic 0'. (LINT-52)
Warning: In design 'icache_1way_BLOCKS32', output port 'mem_wdata[99]' is connected directly to 'logic 0'. (LINT-52)
Warning: In design 'icache_1way_BLOCKS32', output port 'mem_wdata[98]' is connected directly to 'logic 0'. (LINT-52)
Warning: In design 'icache_1way_BLOCKS32', output port 'mem_wdata[97]' is connected directly to 'logic 0'. (LINT-52)
Warning: In design 'icache_1way_BLOCKS32', output port 'mem_wdata[96]' is connected directly to 'logic 0'. (LINT-52)
Warning: In design 'icache_1way_BLOCKS32', output port 'mem_wdata[95]' is connected directly to 'logic 0'. (LINT-52)
Warning: In design 'icache_1way_BLOCKS32', output port 'mem_wdata[94]' is connected directly to 'logic 0'. (LINT-52)
Warning: In design 'icache_1way_BLOCKS32', output port 'mem_wdata[93]' is connected directly to 'logic 0'. (LINT-52)
Warning: In design 'icache_1way_BLOCKS32', output port 'mem_wdata[92]' is connected directly to 'logic 0'. (LINT-52)
Warning: In design 'icache_1way_BLOCKS32', output port 'mem_wdata[91]' is connected directly to 'logic 0'. (LINT-52)
Warning: In design 'icache_1way_BLOCKS32', output port 'mem_wdata[90]' is connected directly to 'logic 0'. (LINT-52)
Warning: In design 'icache_1way_BLOCKS32', output port 'mem_wdata[89]' is connected directly to 'logic 0'. (LINT-52)
Warning: In design 'icache_1way_BLOCKS32', output port 'mem_wdata[88]' is connected directly to 'logic 0'. (LINT-52)
Warning: In design 'icache_1way_BLOCKS32', output port 'mem_wdata[87]' is connected directly to 'logic 0'. (LINT-52)
Warning: In design 'icache_1way_BLOCKS32', output port 'mem_wdata[86]' is connected directly to 'logic 0'. (LINT-52)
Warning: In design 'icache_1way_BLOCKS32', output port 'mem_wdata[85]' is connected directly to 'logic 0'. (LINT-52)
Warning: In design 'icache_1way_BLOCKS32', output port 'mem_wdata[84]' is connected directly to 'logic 0'. (LINT-52)
Warning: In design 'icache_1way_BLOCKS32', output port 'mem_wdata[83]' is connected directly to 'logic 0'. (LINT-52)
Warning: In design 'icache_1way_BLOCKS32', output port 'mem_wdata[82]' is connected directly to 'logic 0'. (LINT-52)
Warning: In design 'icache_1way_BLOCKS32', output port 'mem_wdata[81]' is connected directly to 'logic 0'. (LINT-52)
Warning: In design 'icache_1way_BLOCKS32', output port 'mem_wdata[80]' is connected directly to 'logic 0'. (LINT-52)
Warning: In design 'icache_1way_BLOCKS32', output port 'mem_wdata[79]' is connected directly to 'logic 0'. (LINT-52)
Warning: In design 'icache_1way_BLOCKS32', output port 'mem_wdata[78]' is connected directly to 'logic 0'. (LINT-52)
Warning: In design 'icache_1way_BLOCKS32', output port 'mem_wdata[77]' is connected directly to 'logic 0'. (LINT-52)
Warning: In design 'icache_1way_BLOCKS32', output port 'mem_wdata[76]' is connected directly to 'logic 0'. (LINT-52)
Warning: In design 'icache_1way_BLOCKS32', output port 'mem_wdata[75]' is connected directly to 'logic 0'. (LINT-52)
Warning: In design 'icache_1way_BLOCKS32', output port 'mem_wdata[74]' is connected directly to 'logic 0'. (LINT-52)
Warning: In design 'icache_1way_BLOCKS32', output port 'mem_wdata[73]' is connected directly to 'logic 0'. (LINT-52)
Warning: In design 'icache_1way_BLOCKS32', output port 'mem_wdata[72]' is connected directly to 'logic 0'. (LINT-52)
Warning: In design 'icache_1way_BLOCKS32', output port 'mem_wdata[71]' is connected directly to 'logic 0'. (LINT-52)
Warning: In design 'icache_1way_BLOCKS32', output port 'mem_wdata[70]' is connected directly to 'logic 0'. (LINT-52)
Warning: In design 'icache_1way_BLOCKS32', output port 'mem_wdata[69]' is connected directly to 'logic 0'. (LINT-52)
Warning: In design 'icache_1way_BLOCKS32', output port 'mem_wdata[68]' is connected directly to 'logic 0'. (LINT-52)
Warning: In design 'icache_1way_BLOCKS32', output port 'mem_wdata[67]' is connected directly to 'logic 0'. (LINT-52)
Warning: In design 'icache_1way_BLOCKS32', output port 'mem_wdata[66]' is connected directly to 'logic 0'. (LINT-52)
Warning: In design 'icache_1way_BLOCKS32', output port 'mem_wdata[65]' is connected directly to 'logic 0'. (LINT-52)
Warning: In design 'icache_1way_BLOCKS32', output port 'mem_wdata[64]' is connected directly to 'logic 0'. (LINT-52)
Warning: In design 'icache_1way_BLOCKS32', output port 'mem_wdata[63]' is connected directly to 'logic 0'. (LINT-52)
Warning: In design 'icache_1way_BLOCKS32', output port 'mem_wdata[62]' is connected directly to 'logic 0'. (LINT-52)
Warning: In design 'icache_1way_BLOCKS32', output port 'mem_wdata[61]' is connected directly to 'logic 0'. (LINT-52)
Warning: In design 'icache_1way_BLOCKS32', output port 'mem_wdata[60]' is connected directly to 'logic 0'. (LINT-52)
Warning: In design 'icache_1way_BLOCKS32', output port 'mem_wdata[59]' is connected directly to 'logic 0'. (LINT-52)
Warning: In design 'icache_1way_BLOCKS32', output port 'mem_wdata[58]' is connected directly to 'logic 0'. (LINT-52)
Warning: In design 'icache_1way_BLOCKS32', output port 'mem_wdata[57]' is connected directly to 'logic 0'. (LINT-52)
Warning: In design 'icache_1way_BLOCKS32', output port 'mem_wdata[56]' is connected directly to 'logic 0'. (LINT-52)
Warning: In design 'icache_1way_BLOCKS32', output port 'mem_wdata[55]' is connected directly to 'logic 0'. (LINT-52)
Warning: In design 'icache_1way_BLOCKS32', output port 'mem_wdata[54]' is connected directly to 'logic 0'. (LINT-52)
Warning: In design 'icache_1way_BLOCKS32', output port 'mem_wdata[53]' is connected directly to 'logic 0'. (LINT-52)
Warning: In design 'icache_1way_BLOCKS32', output port 'mem_wdata[52]' is connected directly to 'logic 0'. (LINT-52)
Warning: In design 'icache_1way_BLOCKS32', output port 'mem_wdata[51]' is connected directly to 'logic 0'. (LINT-52)
Warning: In design 'icache_1way_BLOCKS32', output port 'mem_wdata[50]' is connected directly to 'logic 0'. (LINT-52)
Warning: In design 'icache_1way_BLOCKS32', output port 'mem_wdata[49]' is connected directly to 'logic 0'. (LINT-52)
Warning: In design 'icache_1way_BLOCKS32', output port 'mem_wdata[48]' is connected directly to 'logic 0'. (LINT-52)
Warning: In design 'icache_1way_BLOCKS32', output port 'mem_wdata[47]' is connected directly to 'logic 0'. (LINT-52)
Warning: In design 'icache_1way_BLOCKS32', output port 'mem_wdata[46]' is connected directly to 'logic 0'. (LINT-52)
Warning: In design 'icache_1way_BLOCKS32', output port 'mem_wdata[45]' is connected directly to 'logic 0'. (LINT-52)
Warning: In design 'icache_1way_BLOCKS32', output port 'mem_wdata[44]' is connected directly to 'logic 0'. (LINT-52)
Warning: In design 'icache_1way_BLOCKS32', output port 'mem_wdata[43]' is connected directly to 'logic 0'. (LINT-52)
Warning: In design 'icache_1way_BLOCKS32', output port 'mem_wdata[42]' is connected directly to 'logic 0'. (LINT-52)
Warning: In design 'icache_1way_BLOCKS32', output port 'mem_wdata[41]' is connected directly to 'logic 0'. (LINT-52)
Warning: In design 'icache_1way_BLOCKS32', output port 'mem_wdata[40]' is connected directly to 'logic 0'. (LINT-52)
Warning: In design 'icache_1way_BLOCKS32', output port 'mem_wdata[39]' is connected directly to 'logic 0'. (LINT-52)
Warning: In design 'icache_1way_BLOCKS32', output port 'mem_wdata[38]' is connected directly to 'logic 0'. (LINT-52)
Warning: In design 'icache_1way_BLOCKS32', output port 'mem_wdata[37]' is connected directly to 'logic 0'. (LINT-52)
Warning: In design 'icache_1way_BLOCKS32', output port 'mem_wdata[36]' is connected directly to 'logic 0'. (LINT-52)
Warning: In design 'icache_1way_BLOCKS32', output port 'mem_wdata[35]' is connected directly to 'logic 0'. (LINT-52)
Warning: In design 'icache_1way_BLOCKS32', output port 'mem_wdata[34]' is connected directly to 'logic 0'. (LINT-52)
Warning: In design 'icache_1way_BLOCKS32', output port 'mem_wdata[33]' is connected directly to 'logic 0'. (LINT-52)
Warning: In design 'icache_1way_BLOCKS32', output port 'mem_wdata[32]' is connected directly to 'logic 0'. (LINT-52)
Warning: In design 'icache_1way_BLOCKS32', output port 'mem_wdata[31]' is connected directly to 'logic 0'. (LINT-52)
Warning: In design 'icache_1way_BLOCKS32', output port 'mem_wdata[30]' is connected directly to 'logic 0'. (LINT-52)
Warning: In design 'icache_1way_BLOCKS32', output port 'mem_wdata[29]' is connected directly to 'logic 0'. (LINT-52)
Warning: In design 'icache_1way_BLOCKS32', output port 'mem_wdata[28]' is connected directly to 'logic 0'. (LINT-52)
Warning: In design 'icache_1way_BLOCKS32', output port 'mem_wdata[27]' is connected directly to 'logic 0'. (LINT-52)
Warning: In design 'icache_1way_BLOCKS32', output port 'mem_wdata[26]' is connected directly to 'logic 0'. (LINT-52)
Warning: In design 'icache_1way_BLOCKS32', output port 'mem_wdata[25]' is connected directly to 'logic 0'. (LINT-52)
Warning: In design 'icache_1way_BLOCKS32', output port 'mem_wdata[24]' is connected directly to 'logic 0'. (LINT-52)
Warning: In design 'icache_1way_BLOCKS32', output port 'mem_wdata[23]' is connected directly to 'logic 0'. (LINT-52)
Warning: In design 'icache_1way_BLOCKS32', output port 'mem_wdata[22]' is connected directly to 'logic 0'. (LINT-52)
Warning: In design 'icache_1way_BLOCKS32', output port 'mem_wdata[21]' is connected directly to 'logic 0'. (LINT-52)
Warning: In design 'icache_1way_BLOCKS32', output port 'mem_wdata[20]' is connected directly to 'logic 0'. (LINT-52)
Warning: In design 'icache_1way_BLOCKS32', output port 'mem_wdata[19]' is connected directly to 'logic 0'. (LINT-52)
Warning: In design 'icache_1way_BLOCKS32', output port 'mem_wdata[18]' is connected directly to 'logic 0'. (LINT-52)
Warning: In design 'icache_1way_BLOCKS32', output port 'mem_wdata[17]' is connected directly to 'logic 0'. (LINT-52)
Warning: In design 'icache_1way_BLOCKS32', output port 'mem_wdata[16]' is connected directly to 'logic 0'. (LINT-52)
Warning: In design 'icache_1way_BLOCKS32', output port 'mem_wdata[15]' is connected directly to 'logic 0'. (LINT-52)
Warning: In design 'icache_1way_BLOCKS32', output port 'mem_wdata[14]' is connected directly to 'logic 0'. (LINT-52)
Warning: In design 'icache_1way_BLOCKS32', output port 'mem_wdata[13]' is connected directly to 'logic 0'. (LINT-52)
Warning: In design 'icache_1way_BLOCKS32', output port 'mem_wdata[12]' is connected directly to 'logic 0'. (LINT-52)
Warning: In design 'icache_1way_BLOCKS32', output port 'mem_wdata[11]' is connected directly to 'logic 0'. (LINT-52)
Warning: In design 'icache_1way_BLOCKS32', output port 'mem_wdata[10]' is connected directly to 'logic 0'. (LINT-52)
Warning: In design 'icache_1way_BLOCKS32', output port 'mem_wdata[9]' is connected directly to 'logic 0'. (LINT-52)
Warning: In design 'icache_1way_BLOCKS32', output port 'mem_wdata[8]' is connected directly to 'logic 0'. (LINT-52)
Warning: In design 'icache_1way_BLOCKS32', output port 'mem_wdata[7]' is connected directly to 'logic 0'. (LINT-52)
Warning: In design 'icache_1way_BLOCKS32', output port 'mem_wdata[6]' is connected directly to 'logic 0'. (LINT-52)
Warning: In design 'icache_1way_BLOCKS32', output port 'mem_wdata[5]' is connected directly to 'logic 0'. (LINT-52)
Warning: In design 'icache_1way_BLOCKS32', output port 'mem_wdata[4]' is connected directly to 'logic 0'. (LINT-52)
Warning: In design 'icache_1way_BLOCKS32', output port 'mem_wdata[3]' is connected directly to 'logic 0'. (LINT-52)
Warning: In design 'icache_1way_BLOCKS32', output port 'mem_wdata[2]' is connected directly to 'logic 0'. (LINT-52)
Warning: In design 'icache_1way_BLOCKS32', output port 'mem_wdata[1]' is connected directly to 'logic 0'. (LINT-52)
Warning: In design 'icache_1way_BLOCKS32', output port 'mem_wdata[0]' is connected directly to 'logic 0'. (LINT-52)
Warning: In design 'if_stage', output port 'if_pc_inc[31]' is connected directly to 'logic 0'. (LINT-52)
Warning: In design 'if_stage', output port 'if_pc_inc[30]' is connected directly to 'logic 0'. (LINT-52)
Warning: In design 'if_stage', output port 'if_pc_inc[29]' is connected directly to 'logic 0'. (LINT-52)
Warning: In design 'if_stage', output port 'if_pc_inc[28]' is connected directly to 'logic 0'. (LINT-52)
Warning: In design 'if_stage', output port 'if_pc_inc[27]' is connected directly to 'logic 0'. (LINT-52)
Warning: In design 'if_stage', output port 'if_pc_inc[26]' is connected directly to 'logic 0'. (LINT-52)
Warning: In design 'if_stage', output port 'if_pc_inc[25]' is connected directly to 'logic 0'. (LINT-52)
Warning: In design 'if_stage', output port 'if_pc_inc[24]' is connected directly to 'logic 0'. (LINT-52)
Warning: In design 'if_stage', output port 'if_pc_inc[23]' is connected directly to 'logic 0'. (LINT-52)
Warning: In design 'if_stage', output port 'if_pc_inc[22]' is connected directly to 'logic 0'. (LINT-52)
Warning: In design 'if_stage', output port 'if_pc_inc[21]' is connected directly to 'logic 0'. (LINT-52)
Warning: In design 'if_stage', output port 'if_pc_inc[20]' is connected directly to 'logic 0'. (LINT-52)
Warning: In design 'if_stage', output port 'if_pc_inc[19]' is connected directly to 'logic 0'. (LINT-52)
Warning: In design 'if_stage', output port 'if_pc_inc[18]' is connected directly to 'logic 0'. (LINT-52)
Warning: In design 'if_stage', output port 'if_pc_inc[17]' is connected directly to 'logic 0'. (LINT-52)
Warning: In design 'if_stage', output port 'if_pc_inc[16]' is connected directly to 'logic 0'. (LINT-52)
Warning: In design 'if_stage', output port 'if_pc_inc[15]' is connected directly to 'logic 0'. (LINT-52)
Warning: In design 'if_stage', output port 'if_pc_inc[14]' is connected directly to 'logic 0'. (LINT-52)
Warning: In design 'if_stage', output port 'if_pc_inc[13]' is connected directly to 'logic 0'. (LINT-52)
Warning: In design 'if_stage', output port 'if_pc_inc[12]' is connected directly to 'logic 0'. (LINT-52)
Warning: In design 'if_stage', output port 'if_pc_inc[11]' is connected directly to 'logic 0'. (LINT-52)
Warning: In design 'if_stage', output port 'if_pc_inc[10]' is connected directly to 'logic 0'. (LINT-52)
Warning: In design 'if_stage', output port 'if_pc_inc[9]' is connected directly to 'logic 0'. (LINT-52)
Warning: In design 'if_stage', output port 'if_pc_inc[8]' is connected directly to 'logic 0'. (LINT-52)
Warning: In design 'if_stage', output port 'if_pc_inc[7]' is connected directly to 'logic 0'. (LINT-52)
Warning: In design 'if_stage', output port 'if_pc_inc[6]' is connected directly to 'logic 0'. (LINT-52)
Warning: In design 'if_stage', output port 'if_pc_inc[5]' is connected directly to 'logic 0'. (LINT-52)
Warning: In design 'if_stage', output port 'if_pc_inc[4]' is connected directly to 'logic 0'. (LINT-52)
Warning: In design 'if_stage', output port 'if_pc_inc[3]' is connected directly to 'logic 0'. (LINT-52)
Warning: In design 'if_stage', output port 'if_pc_inc[0]' is connected directly to 'logic 0'. (LINT-52)
Warning: In design 'id_stage', output port 'imm_aux[0]' is connected directly to 'logic 0'. (LINT-52)
Warning: In design 'compressed_decoder', output port 'inst[1]' is connected directly to 'logic 1'. (LINT-52)
Warning: In design 'compressed_decoder', output port 'inst[0]' is connected directly to 'logic 1'. (LINT-52)
1
